// Jest Snapshot v1, https://goo.gl/fbAQLP

exports[`structure should generate proper folders and file names when model is renamed: structure 1`] = `
"
[type-graphql]
  enhance.ts
  [enums]
    Color.ts
    QueryMode.ts
    RenamedPostScalarFieldEnum.ts
    RenamedUserScalarFieldEnum.ts
    SortOrder.ts
    TransactionIsolationLevel.ts
    index.ts
  helpers.ts
  index.ts
  [models]
    RenamedPost.ts
    RenamedUser.ts
    index.ts
  [resolvers]
    [crud]
      [RenamedPost]
        AggregateRenamedPostResolver.ts
        CreateManyRenamedPostResolver.ts
        CreateOneRenamedPostResolver.ts
        DeleteManyRenamedPostResolver.ts
        DeleteOneRenamedPostResolver.ts
        FindFirstRenamedPostResolver.ts
        FindManyRenamedPostResolver.ts
        FindUniqueRenamedPostResolver.ts
        GroupByRenamedPostResolver.ts
        RenamedPostCrudResolver.ts
        UpdateManyRenamedPostResolver.ts
        UpdateOneRenamedPostResolver.ts
        UpsertOneRenamedPostResolver.ts
        [args]
          AggregateRenamedPostArgs.ts
          CreateManyRenamedPostArgs.ts
          CreateOneRenamedPostArgs.ts
          DeleteManyRenamedPostArgs.ts
          DeleteOneRenamedPostArgs.ts
          FindFirstRenamedPostArgs.ts
          FindManyRenamedPostArgs.ts
          FindUniqueRenamedPostArgs.ts
          GroupByRenamedPostArgs.ts
          UpdateManyRenamedPostArgs.ts
          UpdateOneRenamedPostArgs.ts
          UpsertOneRenamedPostArgs.ts
          index.ts
      [RenamedUser]
        AggregateRenamedUserResolver.ts
        CreateManyRenamedUserResolver.ts
        CreateOneRenamedUserResolver.ts
        DeleteManyRenamedUserResolver.ts
        DeleteOneRenamedUserResolver.ts
        FindFirstRenamedUserResolver.ts
        FindManyRenamedUserResolver.ts
        FindUniqueRenamedUserResolver.ts
        GroupByRenamedUserResolver.ts
        RenamedUserCrudResolver.ts
        UpdateManyRenamedUserResolver.ts
        UpdateOneRenamedUserResolver.ts
        UpsertOneRenamedUserResolver.ts
        [args]
          AggregateRenamedUserArgs.ts
          CreateManyRenamedUserArgs.ts
          CreateOneRenamedUserArgs.ts
          DeleteManyRenamedUserArgs.ts
          DeleteOneRenamedUserArgs.ts
          FindFirstRenamedUserArgs.ts
          FindManyRenamedUserArgs.ts
          FindUniqueRenamedUserArgs.ts
          GroupByRenamedUserArgs.ts
          UpdateManyRenamedUserArgs.ts
          UpdateOneRenamedUserArgs.ts
          UpsertOneRenamedUserArgs.ts
          index.ts
      args.index.ts
      index.ts
      resolvers-actions.index.ts
      resolvers-crud.index.ts
    [inputs]
      EnumColorFieldUpdateOperationsInput.ts
      EnumColorFilter.ts
      EnumColorWithAggregatesFilter.ts
      IntFieldUpdateOperationsInput.ts
      IntFilter.ts
      IntWithAggregatesFilter.ts
      NestedEnumColorFilter.ts
      NestedEnumColorWithAggregatesFilter.ts
      NestedFloatFilter.ts
      NestedIntFilter.ts
      NestedIntNullableFilter.ts
      NestedIntWithAggregatesFilter.ts
      NestedStringFilter.ts
      NestedStringNullableFilter.ts
      NestedStringNullableWithAggregatesFilter.ts
      NestedStringWithAggregatesFilter.ts
      NullableStringFieldUpdateOperationsInput.ts
      RenamedPostAvgOrderByAggregateInput.ts
      RenamedPostCountOrderByAggregateInput.ts
      RenamedPostCreateInput.ts
      RenamedPostCreateManyAuthorInput.ts
      RenamedPostCreateManyAuthorInputEnvelope.ts
      RenamedPostCreateManyInput.ts
      RenamedPostCreateNestedManyWithoutAuthorInput.ts
      RenamedPostCreateOrConnectWithoutAuthorInput.ts
      RenamedPostCreateWithoutAuthorInput.ts
      RenamedPostListRelationFilter.ts
      RenamedPostMaxOrderByAggregateInput.ts
      RenamedPostMinOrderByAggregateInput.ts
      RenamedPostOrderByRelationAggregateInput.ts
      RenamedPostOrderByWithAggregationInput.ts
      RenamedPostOrderByWithRelationInput.ts
      RenamedPostScalarWhereInput.ts
      RenamedPostScalarWhereWithAggregatesInput.ts
      RenamedPostSumOrderByAggregateInput.ts
      RenamedPostUpdateInput.ts
      RenamedPostUpdateManyMutationInput.ts
      RenamedPostUpdateManyWithWhereWithoutAuthorInput.ts
      RenamedPostUpdateManyWithoutAuthorNestedInput.ts
      RenamedPostUpdateWithWhereUniqueWithoutAuthorInput.ts
      RenamedPostUpdateWithoutAuthorInput.ts
      RenamedPostUpsertWithWhereUniqueWithoutAuthorInput.ts
      RenamedPostWhereInput.ts
      RenamedPostWhereUniqueInput.ts
      RenamedUserAvgOrderByAggregateInput.ts
      RenamedUserCountOrderByAggregateInput.ts
      RenamedUserCreateInput.ts
      RenamedUserCreateManyInput.ts
      RenamedUserCreateNestedOneWithoutPostsInput.ts
      RenamedUserCreateOrConnectWithoutPostsInput.ts
      RenamedUserCreateWithoutPostsInput.ts
      RenamedUserMaxOrderByAggregateInput.ts
      RenamedUserMinOrderByAggregateInput.ts
      RenamedUserOrderByWithAggregationInput.ts
      RenamedUserOrderByWithRelationInput.ts
      RenamedUserRelationFilter.ts
      RenamedUserScalarWhereWithAggregatesInput.ts
      RenamedUserSumOrderByAggregateInput.ts
      RenamedUserUpdateInput.ts
      RenamedUserUpdateManyMutationInput.ts
      RenamedUserUpdateOneRequiredWithoutPostsNestedInput.ts
      RenamedUserUpdateWithoutPostsInput.ts
      RenamedUserUpsertWithoutPostsInput.ts
      RenamedUserWhereInput.ts
      RenamedUserWhereUniqueInput.ts
      StringFieldUpdateOperationsInput.ts
      StringFilter.ts
      StringNullableFilter.ts
      StringNullableWithAggregatesFilter.ts
      StringWithAggregatesFilter.ts
      index.ts
    [outputs]
      AffectedRowsOutput.ts
      AggregateRenamedPost.ts
      AggregateRenamedUser.ts
      RenamedPostAvgAggregate.ts
      RenamedPostCountAggregate.ts
      RenamedPostGroupBy.ts
      RenamedPostMaxAggregate.ts
      RenamedPostMinAggregate.ts
      RenamedPostSumAggregate.ts
      RenamedUserAvgAggregate.ts
      RenamedUserCount.ts
      RenamedUserCountAggregate.ts
      RenamedUserGroupBy.ts
      RenamedUserMaxAggregate.ts
      RenamedUserMinAggregate.ts
      RenamedUserSumAggregate.ts
      index.ts
    [relations]
      [RenamedPost]
        RenamedPostRelationsResolver.ts
      [RenamedUser]
        RenamedUserRelationsResolver.ts
        [args]
          RenamedUserPostsArgs.ts
          index.ts
      args.index.ts
      index.ts
      resolvers.index.ts
  scalars.ts
"
`;

exports[`structure should generate proper folders and file names when model is renamed: structure 2`] = `
"
[type-graphql]
  enhance.ts
  [enums]
    Color.ts
    QueryMode.ts
    RenamedPostScalarFieldEnum.ts
    RenamedUserScalarFieldEnum.ts
    SortOrder.ts
    TransactionIsolationLevel.ts
    index.ts
  helpers.ts
  index.ts
  [models]
    RenamedPost.ts
    RenamedUser.ts
    index.ts
  [resolvers]
    [crud]
      [RenamedPost]
        AggregateRenamedPostResolver.ts
        CreateManyRenamedPostResolver.ts
        CreateOneRenamedPostResolver.ts
        DeleteManyRenamedPostResolver.ts
        DeleteOneRenamedPostResolver.ts
        FindFirstRenamedPostResolver.ts
        FindManyRenamedPostResolver.ts
        FindUniqueRenamedPostResolver.ts
        GroupByRenamedPostResolver.ts
        RenamedPostCrudResolver.ts
        UpdateManyRenamedPostResolver.ts
        UpdateOneRenamedPostResolver.ts
        UpsertOneRenamedPostResolver.ts
        [args]
          AggregateRenamedPostArgs.ts
          CreateManyRenamedPostArgs.ts
          CreateOneRenamedPostArgs.ts
          DeleteManyRenamedPostArgs.ts
          DeleteOneRenamedPostArgs.ts
          FindFirstRenamedPostArgs.ts
          FindManyRenamedPostArgs.ts
          FindUniqueRenamedPostArgs.ts
          GroupByRenamedPostArgs.ts
          UpdateManyRenamedPostArgs.ts
          UpdateOneRenamedPostArgs.ts
          UpsertOneRenamedPostArgs.ts
          index.ts
      [RenamedUser]
        AggregateRenamedUserResolver.ts
        CreateManyRenamedUserResolver.ts
        CreateOneRenamedUserResolver.ts
        DeleteManyRenamedUserResolver.ts
        DeleteOneRenamedUserResolver.ts
        FindFirstRenamedUserResolver.ts
        FindManyRenamedUserResolver.ts
        FindUniqueRenamedUserResolver.ts
        GroupByRenamedUserResolver.ts
        RenamedUserCrudResolver.ts
        UpdateManyRenamedUserResolver.ts
        UpdateOneRenamedUserResolver.ts
        UpsertOneRenamedUserResolver.ts
        [args]
          AggregateRenamedUserArgs.ts
          CreateManyRenamedUserArgs.ts
          CreateOneRenamedUserArgs.ts
          DeleteManyRenamedUserArgs.ts
          DeleteOneRenamedUserArgs.ts
          FindFirstRenamedUserArgs.ts
          FindManyRenamedUserArgs.ts
          FindUniqueRenamedUserArgs.ts
          GroupByRenamedUserArgs.ts
          UpdateManyRenamedUserArgs.ts
          UpdateOneRenamedUserArgs.ts
          UpsertOneRenamedUserArgs.ts
          index.ts
      args.index.ts
      index.ts
      resolvers-actions.index.ts
      resolvers-crud.index.ts
    [inputs]
      EnumColorFieldUpdateOperationsInput.ts
      EnumColorFilter.ts
      EnumColorWithAggregatesFilter.ts
      IntFieldUpdateOperationsInput.ts
      IntFilter.ts
      IntWithAggregatesFilter.ts
      NestedEnumColorFilter.ts
      NestedEnumColorWithAggregatesFilter.ts
      NestedFloatFilter.ts
      NestedIntFilter.ts
      NestedIntNullableFilter.ts
      NestedIntWithAggregatesFilter.ts
      NestedStringFilter.ts
      NestedStringNullableFilter.ts
      NestedStringNullableWithAggregatesFilter.ts
      NestedStringWithAggregatesFilter.ts
      NullableStringFieldUpdateOperationsInput.ts
      RenamedPostAvgOrderByAggregateInput.ts
      RenamedPostCountOrderByAggregateInput.ts
      RenamedPostCreateInput.ts
      RenamedPostCreateManyAuthorInput.ts
      RenamedPostCreateManyAuthorInputEnvelope.ts
      RenamedPostCreateManyInput.ts
      RenamedPostCreateNestedManyWithoutAuthorInput.ts
      RenamedPostCreateOrConnectWithoutAuthorInput.ts
      RenamedPostCreateWithoutAuthorInput.ts
      RenamedPostListRelationFilter.ts
      RenamedPostMaxOrderByAggregateInput.ts
      RenamedPostMinOrderByAggregateInput.ts
      RenamedPostOrderByRelationAggregateInput.ts
      RenamedPostOrderByWithAggregationInput.ts
      RenamedPostOrderByWithRelationInput.ts
      RenamedPostScalarWhereInput.ts
      RenamedPostScalarWhereWithAggregatesInput.ts
      RenamedPostSumOrderByAggregateInput.ts
      RenamedPostUpdateInput.ts
      RenamedPostUpdateManyMutationInput.ts
      RenamedPostUpdateManyWithWhereWithoutAuthorInput.ts
      RenamedPostUpdateManyWithoutAuthorNestedInput.ts
      RenamedPostUpdateWithWhereUniqueWithoutAuthorInput.ts
      RenamedPostUpdateWithoutAuthorInput.ts
      RenamedPostUpsertWithWhereUniqueWithoutAuthorInput.ts
      RenamedPostWhereInput.ts
      RenamedPostWhereUniqueInput.ts
      RenamedUserAvgOrderByAggregateInput.ts
      RenamedUserCountOrderByAggregateInput.ts
      RenamedUserCreateInput.ts
      RenamedUserCreateManyInput.ts
      RenamedUserCreateNestedOneWithoutPostsInput.ts
      RenamedUserCreateOrConnectWithoutPostsInput.ts
      RenamedUserCreateWithoutPostsInput.ts
      RenamedUserMaxOrderByAggregateInput.ts
      RenamedUserMinOrderByAggregateInput.ts
      RenamedUserOrderByWithAggregationInput.ts
      RenamedUserOrderByWithRelationInput.ts
      RenamedUserRelationFilter.ts
      RenamedUserScalarWhereWithAggregatesInput.ts
      RenamedUserSumOrderByAggregateInput.ts
      RenamedUserUpdateInput.ts
      RenamedUserUpdateManyMutationInput.ts
      RenamedUserUpdateOneRequiredWithoutPostsNestedInput.ts
      RenamedUserUpdateWithoutPostsInput.ts
      RenamedUserUpsertWithoutPostsInput.ts
      RenamedUserWhereInput.ts
      RenamedUserWhereUniqueInput.ts
      StringFieldUpdateOperationsInput.ts
      StringFilter.ts
      StringNullableFilter.ts
      StringNullableWithAggregatesFilter.ts
      StringWithAggregatesFilter.ts
      index.ts
    [outputs]
      AffectedRowsOutput.ts
      AggregateRenamedPost.ts
      AggregateRenamedUser.ts
      RenamedPostAvgAggregate.ts
      RenamedPostCountAggregate.ts
      RenamedPostGroupBy.ts
      RenamedPostMaxAggregate.ts
      RenamedPostMinAggregate.ts
      RenamedPostSumAggregate.ts
      RenamedUserAvgAggregate.ts
      RenamedUserCount.ts
      RenamedUserCountAggregate.ts
      RenamedUserGroupBy.ts
      RenamedUserMaxAggregate.ts
      RenamedUserMinAggregate.ts
      RenamedUserSumAggregate.ts
      index.ts
    [relations]
      [RenamedPost]
        RenamedPostRelationsResolver.ts
      [RenamedUser]
        RenamedUserRelationsResolver.ts
        [args]
          RenamedUserPostsArgs.ts
          index.ts
      args.index.ts
      index.ts
      resolvers.index.ts
  scalars.ts
"
`;

exports[`structure should generate proper folders structure and file names for complex datamodel: structure 1`] = `
"
[type-graphql]
  enhance.ts
  [enums]
    Color.ts
    PostScalarFieldEnum.ts
    QueryMode.ts
    SortOrder.ts
    TransactionIsolationLevel.ts
    UserScalarFieldEnum.ts
    index.ts
  helpers.ts
  index.ts
  [models]
    Post.ts
    User.ts
    index.ts
  [resolvers]
    [crud]
      [Post]
        AggregatePostResolver.ts
        CreateManyPostResolver.ts
        CreateOnePostResolver.ts
        DeleteManyPostResolver.ts
        DeleteOnePostResolver.ts
        FindFirstPostResolver.ts
        FindManyPostResolver.ts
        FindUniquePostResolver.ts
        GroupByPostResolver.ts
        PostCrudResolver.ts
        UpdateManyPostResolver.ts
        UpdateOnePostResolver.ts
        UpsertOnePostResolver.ts
        [args]
          AggregatePostArgs.ts
          CreateManyPostArgs.ts
          CreateOnePostArgs.ts
          DeleteManyPostArgs.ts
          DeleteOnePostArgs.ts
          FindFirstPostArgs.ts
          FindManyPostArgs.ts
          FindUniquePostArgs.ts
          GroupByPostArgs.ts
          UpdateManyPostArgs.ts
          UpdateOnePostArgs.ts
          UpsertOnePostArgs.ts
          index.ts
      [User]
        AggregateUserResolver.ts
        CreateManyUserResolver.ts
        CreateOneUserResolver.ts
        DeleteManyUserResolver.ts
        DeleteOneUserResolver.ts
        FindFirstUserResolver.ts
        FindManyUserResolver.ts
        FindUniqueUserResolver.ts
        GroupByUserResolver.ts
        UpdateManyUserResolver.ts
        UpdateOneUserResolver.ts
        UpsertOneUserResolver.ts
        UserCrudResolver.ts
        [args]
          AggregateUserArgs.ts
          CreateManyUserArgs.ts
          CreateOneUserArgs.ts
          DeleteManyUserArgs.ts
          DeleteOneUserArgs.ts
          FindFirstUserArgs.ts
          FindManyUserArgs.ts
          FindUniqueUserArgs.ts
          GroupByUserArgs.ts
          UpdateManyUserArgs.ts
          UpdateOneUserArgs.ts
          UpsertOneUserArgs.ts
          index.ts
      args.index.ts
      index.ts
      resolvers-actions.index.ts
      resolvers-crud.index.ts
    [inputs]
      EnumColorFieldUpdateOperationsInput.ts
      EnumColorFilter.ts
      EnumColorWithAggregatesFilter.ts
      IntFieldUpdateOperationsInput.ts
      IntFilter.ts
      IntWithAggregatesFilter.ts
      NestedEnumColorFilter.ts
      NestedEnumColorWithAggregatesFilter.ts
      NestedFloatFilter.ts
      NestedIntFilter.ts
      NestedIntNullableFilter.ts
      NestedIntWithAggregatesFilter.ts
      NestedStringFilter.ts
      NestedStringNullableFilter.ts
      NestedStringNullableWithAggregatesFilter.ts
      NestedStringWithAggregatesFilter.ts
      NullableStringFieldUpdateOperationsInput.ts
      PostAvgOrderByAggregateInput.ts
      PostCountOrderByAggregateInput.ts
      PostCreateInput.ts
      PostCreateManyAuthorInput.ts
      PostCreateManyAuthorInputEnvelope.ts
      PostCreateManyInput.ts
      PostCreateNestedManyWithoutAuthorInput.ts
      PostCreateOrConnectWithoutAuthorInput.ts
      PostCreateWithoutAuthorInput.ts
      PostListRelationFilter.ts
      PostMaxOrderByAggregateInput.ts
      PostMinOrderByAggregateInput.ts
      PostOrderByRelationAggregateInput.ts
      PostOrderByWithAggregationInput.ts
      PostOrderByWithRelationInput.ts
      PostScalarWhereInput.ts
      PostScalarWhereWithAggregatesInput.ts
      PostSumOrderByAggregateInput.ts
      PostUpdateInput.ts
      PostUpdateManyMutationInput.ts
      PostUpdateManyWithWhereWithoutAuthorInput.ts
      PostUpdateManyWithoutAuthorNestedInput.ts
      PostUpdateWithWhereUniqueWithoutAuthorInput.ts
      PostUpdateWithoutAuthorInput.ts
      PostUpsertWithWhereUniqueWithoutAuthorInput.ts
      PostWhereInput.ts
      PostWhereUniqueInput.ts
      StringFieldUpdateOperationsInput.ts
      StringFilter.ts
      StringNullableFilter.ts
      StringNullableWithAggregatesFilter.ts
      StringWithAggregatesFilter.ts
      UserAvgOrderByAggregateInput.ts
      UserCountOrderByAggregateInput.ts
      UserCreateInput.ts
      UserCreateManyInput.ts
      UserCreateNestedOneWithoutPostsInput.ts
      UserCreateOrConnectWithoutPostsInput.ts
      UserCreateWithoutPostsInput.ts
      UserMaxOrderByAggregateInput.ts
      UserMinOrderByAggregateInput.ts
      UserOrderByWithAggregationInput.ts
      UserOrderByWithRelationInput.ts
      UserRelationFilter.ts
      UserScalarWhereWithAggregatesInput.ts
      UserSumOrderByAggregateInput.ts
      UserUpdateInput.ts
      UserUpdateManyMutationInput.ts
      UserUpdateOneRequiredWithoutPostsNestedInput.ts
      UserUpdateWithoutPostsInput.ts
      UserUpsertWithoutPostsInput.ts
      UserWhereInput.ts
      UserWhereUniqueInput.ts
      index.ts
    [outputs]
      AffectedRowsOutput.ts
      AggregatePost.ts
      AggregateUser.ts
      PostAvgAggregate.ts
      PostCountAggregate.ts
      PostGroupBy.ts
      PostMaxAggregate.ts
      PostMinAggregate.ts
      PostSumAggregate.ts
      UserAvgAggregate.ts
      UserCount.ts
      UserCountAggregate.ts
      UserGroupBy.ts
      UserMaxAggregate.ts
      UserMinAggregate.ts
      UserSumAggregate.ts
      index.ts
    [relations]
      [Post]
        PostRelationsResolver.ts
      [User]
        UserRelationsResolver.ts
        [args]
          UserPostsArgs.ts
          index.ts
      args.index.ts
      index.ts
      resolvers.index.ts
  scalars.ts
"
`;
